// Jest Snapshot v1, https://goo.gl/fbAQLP

exports[`SelectedOverrideList component should display the DOM correctly 1`] = `
<div>
  <p
    className="footer-label"
  >
    Selected Overrides: 
  </p>
  <div
    className="footer-override-display"
  >
    <ul
      className="footer-override-list"
    >
      <li
        data-testid="list-item"
        onClick={[Function]}
      >
        an-override
      </li>
      <li
        data-testid="list-item"
        onClick={[Function]}
      >
        second-override
      </li>
    </ul>
  </div>
</div>
`;
